// Jest Snapshot v1, https://goo.gl/fbAQLP

exports[`Header 样式发生改变，做提示 1`] = `
<div class="header">
  <div class="header-content">
    TodoList
    <input type="text" data-test="input" placeholder="addTodoItem" class="header-input"></div>
</div>
`;
